// Jest Snapshot v1, https://goo.gl/fbAQLP

exports[`same dates 1`] = `[]`;
